../Core/Src/main.c:236:6:calcular_z3_z4	120	static
../Core/Src/main.c:392:6:enviar_dato	16	static
../Core/Src/main.c:396:6:datos_bluetooth	16	static
../Core/Src/main.c:400:6:syncwrite_mover_servos	80	dynamic
../Core/Src/main.c:438:10:grados_a_posicion	16	static
../Core/Src/main.c:445:6:HAL_UART_RxCpltCallback	16	static
../Core/Src/main.c:463:5:main	120	static
../Core/Src/main.c:568:6:SystemClock_Config	88	static
../Core/Src/main.c:614:13:MX_SPI1_Init	8	static
../Core/Src/main.c:652:13:MX_USART1_UART_Init	8	static
../Core/Src/main.c:685:13:MX_USART2_UART_Init	8	static
../Core/Src/main.c:718:13:MX_USART3_UART_Init	8	static
../Core/Src/main.c:751:13:MX_GPIO_Init	56	static
../Core/Src/main.c:874:6:Error_Handler	4	static,ignoring_inline_asm
