../Core/Src/main.c:162:6:calcular_z3_z4	112	static
../Core/Src/main.c:277:6:enviar_dato	16	static
../Core/Src/main.c:282:6:syncwrite_mover_servos	80	dynamic
../Core/Src/main.c:321:10:grados_a_posicion	16	static
../Core/Src/main.c:337:5:main	88	static
../Core/Src/main.c:425:6:SystemClock_Config	88	static
../Core/Src/main.c:471:13:MX_SPI1_Init	8	static
../Core/Src/main.c:509:13:MX_USART2_UART_Init	8	static
../Core/Src/main.c:542:13:MX_GPIO_Init	56	static
../Core/Src/main.c:665:6:Error_Handler	4	static,ignoring_inline_asm
